[2026-04-30 10:03:10] [INFO] 🚀 初始化泛癌训练任务 (Multi-Positive + AdamW + Schedulers) | Device: cuda
[2026-04-30 10:03:10] [INFO] 📊 成功载入 73 个样本数据。
[2026-04-30 10:03:10] [INFO] ✅ 自动检测到输入维度: 233
[2026-04-30 10:03:10] [INFO] 🔥 Phase 1: 预训练特征 (150 Epochs)...
[2026-04-30 10:06:21] [INFO] 🚀 初始化泛癌训练任务 (Multi-Positive + AdamW + Schedulers) | Device: cuda
[2026-04-30 10:06:21] [INFO] 📊 成功载入 73 个样本数据。
[2026-04-30 10:06:21] [INFO] ✅ 自动检测到输入维度: 233
[2026-04-30 10:06:22] [INFO] 🔥 Phase 1: 预训练特征 (150 Epochs)...
[2026-04-30 10:06:28] [INFO] Pre-train Epoch 000 | LR: 0.000016 | Loss: 8.5301
[2026-04-30 10:11:16] [INFO] 🚀 初始化泛癌训练任务 (Multi-Positive + AdamW + Schedulers) | Device: cuda
[2026-04-30 10:11:16] [INFO] 📊 成功载入 73 个样本数据。
[2026-04-30 10:11:16] [INFO] ✅ 自动检测到输入维度: 233
[2026-04-30 10:11:18] [INFO] 🔥 Phase 1: 预训练特征 (150 Epochs)...
[2026-04-30 10:11:24] [INFO] Pre-train Epoch 000 | LR: 0.000016 | Loss: 8.5301
[2026-04-30 11:12:21] [INFO] 🚀 初始化泛癌训练任务 (Multi-Positive + AdamW + Schedulers) | Device: cuda
[2026-04-30 11:12:21] [INFO] 📊 成功载入 73 个样本数据。
[2026-04-30 11:12:21] [INFO] ✅ 自动检测到输入维度: 233
[2026-04-30 11:12:22] [INFO] 🔥 Phase 1: 预训练特征 (150 Epochs)...
[2026-04-30 11:12:27] [INFO] Pre-train Epoch 000 | LR: 0.000016 | Loss: 8.5301
[2026-04-30 11:12:39] [INFO] Pre-train Epoch 005 | LR: 0.000046 | Loss: 8.1982
[2026-04-30 11:12:51] [INFO] Pre-train Epoch 010 | LR: 0.000076 | Loss: 7.6050
[2026-04-30 11:13:01] [INFO] Pre-train Epoch 015 | LR: 0.000100 | Loss: 7.0722
[2026-04-30 11:13:12] [INFO] Pre-train Epoch 020 | LR: 0.000100 | Loss: 6.7786
[2026-04-30 11:13:22] [INFO] Pre-train Epoch 025 | LR: 0.000098 | Loss: 6.5745
[2026-04-30 11:13:33] [INFO] Pre-train Epoch 030 | LR: 0.000097 | Loss: 6.4421
[2026-04-30 11:13:43] [INFO] Pre-train Epoch 035 | LR: 0.000094 | Loss: 6.3253
[2026-04-30 11:13:54] [INFO] Pre-train Epoch 040 | LR: 0.000091 | Loss: 6.2732
[2026-04-30 11:14:05] [INFO] Pre-train Epoch 045 | LR: 0.000088 | Loss: 6.2112
[2026-04-30 11:14:16] [INFO] Pre-train Epoch 050 | LR: 0.000083 | Loss: 6.1681
[2026-04-30 11:14:26] [INFO] Pre-train Epoch 055 | LR: 0.000079 | Loss: 6.1264
[2026-04-30 11:14:36] [INFO] Pre-train Epoch 060 | LR: 0.000074 | Loss: 6.0780
[2026-04-30 11:14:46] [INFO] Pre-train Epoch 065 | LR: 0.000069 | Loss: 6.0791
[2026-04-30 11:14:57] [INFO] Pre-train Epoch 070 | LR: 0.000063 | Loss: 6.0294
[2026-04-30 11:15:07] [INFO] Pre-train Epoch 075 | LR: 0.000058 | Loss: 6.0217
[2026-04-30 11:15:17] [INFO] Pre-train Epoch 080 | LR: 0.000052 | Loss: 5.9978
[2026-04-30 11:15:28] [INFO] Pre-train Epoch 085 | LR: 0.000046 | Loss: 5.9903
[2026-04-30 11:15:38] [INFO] Pre-train Epoch 090 | LR: 0.000040 | Loss: 5.9473
[2026-04-30 11:15:49] [INFO] Pre-train Epoch 095 | LR: 0.000035 | Loss: 5.9566
[2026-04-30 11:16:00] [INFO] Pre-train Epoch 100 | LR: 0.000029 | Loss: 5.9386
[2026-04-30 11:16:10] [INFO] Pre-train Epoch 105 | LR: 0.000024 | Loss: 5.9479
[2026-04-30 11:16:19] [INFO] Pre-train Epoch 110 | LR: 0.000019 | Loss: 5.9403
[2026-04-30 11:16:30] [INFO] Pre-train Epoch 115 | LR: 0.000015 | Loss: 5.9328
[2026-04-30 11:16:40] [INFO] Pre-train Epoch 120 | LR: 0.000011 | Loss: 5.9088
[2026-04-30 11:16:50] [INFO] Pre-train Epoch 125 | LR: 0.000008 | Loss: 5.9102
[2026-04-30 11:17:00] [INFO] Pre-train Epoch 130 | LR: 0.000005 | Loss: 5.9253
[2026-04-30 11:17:09] [INFO] Pre-train Epoch 135 | LR: 0.000003 | Loss: 5.9136
[2026-04-30 11:17:19] [INFO] Pre-train Epoch 140 | LR: 0.000001 | Loss: 5.9052
[2026-04-30 11:17:29] [INFO] Pre-train Epoch 145 | LR: 0.000000 | Loss: 5.9172
[2026-04-30 11:17:38] [INFO] 🎯 Phase 2: 使用 KMeans 初始化 DEC 聚类中心...
[2026-04-30 11:17:42] [INFO] 🚀 Phase 3: 联合微调 (500 Epochs)...
[2026-04-30 11:17:45] [INFO] Fine-tune Epoch 000 | Train Loss: 5.9215 | Val Loss: 6.1336
[2026-04-30 11:17:58] [INFO] Fine-tune Epoch 005 | Train Loss: 5.9166 | Val Loss: 6.1303
[2026-04-30 11:18:12] [INFO] Fine-tune Epoch 010 | Train Loss: 5.9226 | Val Loss: 6.1330
[2026-04-30 11:18:24] [INFO] Fine-tune Epoch 015 | Train Loss: 5.9254 | Val Loss: 6.1264
[2026-04-30 11:18:36] [INFO] Fine-tune Epoch 020 | Train Loss: 5.8901 | Val Loss: 6.1236
[2026-04-30 11:18:48] [INFO] Fine-tune Epoch 025 | Train Loss: 5.9038 | Val Loss: 6.1251
[2026-04-30 11:19:01] [INFO] Fine-tune Epoch 030 | Train Loss: 5.9011 | Val Loss: 6.1233
[2026-04-30 11:19:14] [INFO] Fine-tune Epoch 035 | Train Loss: 5.9110 | Val Loss: 6.1281
[2026-04-30 11:19:27] [INFO] Fine-tune Epoch 040 | Train Loss: 5.8948 | Val Loss: 6.1204
[2026-04-30 11:19:39] [INFO] Fine-tune Epoch 045 | Train Loss: 5.8912 | Val Loss: 6.1256
[2026-04-30 11:19:51] [INFO] Fine-tune Epoch 050 | Train Loss: 5.9072 | Val Loss: 6.1228
[2026-04-30 11:20:03] [INFO] Fine-tune Epoch 055 | Train Loss: 5.8852 | Val Loss: 6.1217
[2026-04-30 11:20:15] [INFO] Fine-tune Epoch 060 | Train Loss: 5.8979 | Val Loss: 6.1243
[2026-04-30 11:20:28] [INFO] Fine-tune Epoch 065 | Train Loss: 5.8878 | Val Loss: 6.1199
[2026-04-30 11:20:40] [INFO] Fine-tune Epoch 070 | Train Loss: 5.8937 | Val Loss: 6.1180
[2026-04-30 11:20:52] [INFO] Fine-tune Epoch 075 | Train Loss: 5.8946 | Val Loss: 6.1153
[2026-04-30 11:21:05] [INFO] Fine-tune Epoch 080 | Train Loss: 5.8874 | Val Loss: 6.1168
[2026-04-30 11:21:17] [INFO] Fine-tune Epoch 085 | Train Loss: 5.8778 | Val Loss: 6.1140
[2026-04-30 11:21:29] [INFO] Fine-tune Epoch 090 | Train Loss: 5.8674 | Val Loss: 6.1174
[2026-04-30 11:21:42] [INFO] Fine-tune Epoch 095 | Train Loss: 5.8734 | Val Loss: 6.1110
[2026-04-30 11:21:54] [INFO] Fine-tune Epoch 100 | Train Loss: 5.8712 | Val Loss: 6.1138
[2026-04-30 11:22:06] [INFO] Fine-tune Epoch 105 | Train Loss: 5.8630 | Val Loss: 6.1167
[2026-04-30 11:22:19] [INFO] Fine-tune Epoch 110 | Train Loss: 5.8804 | Val Loss: 6.1084
[2026-04-30 11:22:31] [INFO] Fine-tune Epoch 115 | Train Loss: 5.8577 | Val Loss: 6.1059
[2026-04-30 11:22:44] [INFO] Fine-tune Epoch 120 | Train Loss: 5.8707 | Val Loss: 6.1159
[2026-04-30 11:22:56] [INFO] Fine-tune Epoch 125 | Train Loss: 5.8465 | Val Loss: 6.1071
[2026-04-30 11:23:09] [INFO] Fine-tune Epoch 130 | Train Loss: 5.8704 | Val Loss: 6.1039
[2026-04-30 11:23:21] [INFO] Fine-tune Epoch 135 | Train Loss: 5.8725 | Val Loss: 6.1065
[2026-04-30 11:23:33] [INFO] Fine-tune Epoch 140 | Train Loss: 5.8670 | Val Loss: 6.1127
[2026-04-30 11:23:46] [INFO] Fine-tune Epoch 145 | Train Loss: 5.8565 | Val Loss: 6.1070
[2026-04-30 11:23:59] [INFO] Fine-tune Epoch 150 | Train Loss: 5.8404 | Val Loss: 6.1064
[2026-04-30 11:24:10] [INFO] Fine-tune Epoch 155 | Train Loss: 5.8639 | Val Loss: 6.1068
[2026-04-30 11:24:21] [INFO] Fine-tune Epoch 160 | Train Loss: 5.8484 | Val Loss: 6.1034
[2026-04-30 11:24:33] [INFO] Fine-tune Epoch 165 | Train Loss: 5.8560 | Val Loss: 6.1000
[2026-04-30 11:24:44] [INFO] Fine-tune Epoch 170 | Train Loss: 5.8369 | Val Loss: 6.1042
[2026-04-30 11:24:55] [INFO] Fine-tune Epoch 175 | Train Loss: 5.8413 | Val Loss: 6.1054
[2026-04-30 11:25:08] [INFO] Fine-tune Epoch 180 | Train Loss: 5.8539 | Val Loss: 6.0958
[2026-04-30 11:25:22] [INFO] Fine-tune Epoch 185 | Train Loss: 5.8592 | Val Loss: 6.1054
[2026-04-30 11:25:36] [INFO] Fine-tune Epoch 190 | Train Loss: 5.8520 | Val Loss: 6.1020
[2026-04-30 11:25:50] [INFO] Fine-tune Epoch 195 | Train Loss: 5.8273 | Val Loss: 6.0979
[2026-04-30 11:26:04] [INFO] Fine-tune Epoch 200 | Train Loss: 5.8311 | Val Loss: 6.0937
[2026-04-30 11:26:17] [INFO] Fine-tune Epoch 205 | Train Loss: 5.8378 | Val Loss: 6.0989
[2026-04-30 11:26:31] [INFO] Fine-tune Epoch 210 | Train Loss: 5.8414 | Val Loss: 6.0970
[2026-04-30 11:26:43] [INFO] Fine-tune Epoch 215 | Train Loss: 5.8320 | Val Loss: 6.0978
[2026-04-30 11:26:50] [INFO] Fine-tune Epoch 220 | Train Loss: 5.8209 | Val Loss: 6.0928
[2026-04-30 11:26:56] [INFO] Fine-tune Epoch 225 | Train Loss: 5.8458 | Val Loss: 6.1041
[2026-04-30 11:27:02] [INFO] Fine-tune Epoch 230 | Train Loss: 5.8208 | Val Loss: 6.0932
[2026-04-30 11:27:09] [INFO] Fine-tune Epoch 235 | Train Loss: 5.8185 | Val Loss: 6.0913
[2026-04-30 11:27:16] [INFO] Fine-tune Epoch 240 | Train Loss: 5.8390 | Val Loss: 6.0934
[2026-04-30 11:27:22] [INFO] Fine-tune Epoch 245 | Train Loss: 5.8223 | Val Loss: 6.0933
[2026-04-30 11:27:29] [INFO] Fine-tune Epoch 250 | Train Loss: 5.8402 | Val Loss: 6.0923
[2026-04-30 11:27:35] [INFO] Fine-tune Epoch 255 | Train Loss: 5.8217 | Val Loss: 6.0910
[2026-04-30 11:27:42] [INFO] Fine-tune Epoch 260 | Train Loss: 5.8372 | Val Loss: 6.0920
[2026-04-30 11:27:49] [INFO] Fine-tune Epoch 265 | Train Loss: 5.7993 | Val Loss: 6.0939
[2026-04-30 11:27:55] [INFO] Fine-tune Epoch 270 | Train Loss: 5.8350 | Val Loss: 6.0971
[2026-04-30 11:28:02] [INFO] Fine-tune Epoch 275 | Train Loss: 5.7920 | Val Loss: 6.0947
[2026-04-30 11:28:17] [INFO] Fine-tune Epoch 280 | Train Loss: 5.8206 | Val Loss: 6.0897
[2026-04-30 11:28:24] [INFO] Fine-tune Epoch 285 | Train Loss: 5.8301 | Val Loss: 6.0877
[2026-04-30 11:28:31] [INFO] Fine-tune Epoch 290 | Train Loss: 5.8170 | Val Loss: 6.0881
[2026-04-30 11:28:38] [INFO] Fine-tune Epoch 295 | Train Loss: 5.8368 | Val Loss: 6.0903
[2026-04-30 11:28:44] [INFO] Fine-tune Epoch 300 | Train Loss: 5.8307 | Val Loss: 6.0942
[2026-04-30 11:28:51] [INFO] Fine-tune Epoch 305 | Train Loss: 5.8213 | Val Loss: 6.0901
[2026-04-30 11:28:57] [INFO] Fine-tune Epoch 310 | Train Loss: 5.8277 | Val Loss: 6.0955
[2026-04-30 11:29:04] [INFO] Fine-tune Epoch 315 | Train Loss: 5.8223 | Val Loss: 6.0899
[2026-04-30 11:29:11] [INFO] Fine-tune Epoch 320 | Train Loss: 5.8201 | Val Loss: 6.0901
[2026-04-30 11:29:19] [INFO] Fine-tune Epoch 325 | Train Loss: 5.8269 | Val Loss: 6.0915
[2026-04-30 11:29:31] [INFO] Fine-tune Epoch 330 | Train Loss: 5.8246 | Val Loss: 6.0922
[2026-04-30 11:29:44] [INFO] Fine-tune Epoch 335 | Train Loss: 5.8170 | Val Loss: 6.0853
[2026-04-30 11:29:57] [INFO] Fine-tune Epoch 340 | Train Loss: 5.8070 | Val Loss: 6.0917
[2026-04-30 11:30:10] [INFO] Fine-tune Epoch 345 | Train Loss: 5.7786 | Val Loss: 6.0919
[2026-04-30 11:30:22] [INFO] Fine-tune Epoch 350 | Train Loss: 5.8020 | Val Loss: 6.0872
[2026-04-30 11:30:34] [INFO] Fine-tune Epoch 355 | Train Loss: 5.7815 | Val Loss: 6.0917
[2026-04-30 11:30:47] [INFO] Fine-tune Epoch 360 | Train Loss: 5.8155 | Val Loss: 6.0867
[2026-04-30 11:30:59] [INFO] Fine-tune Epoch 365 | Train Loss: 5.8165 | Val Loss: 6.0913
[2026-04-30 11:31:12] [INFO] Fine-tune Epoch 370 | Train Loss: 5.8043 | Val Loss: 6.0890
[2026-04-30 11:31:25] [INFO] Fine-tune Epoch 375 | Train Loss: 5.8260 | Val Loss: 6.0878
[2026-04-30 11:31:38] [INFO] Fine-tune Epoch 380 | Train Loss: 5.8215 | Val Loss: 6.0882
[2026-04-30 11:31:50] [INFO] Fine-tune Epoch 385 | Train Loss: 5.8238 | Val Loss: 6.0895
[2026-04-30 11:32:03] [INFO] Fine-tune Epoch 390 | Train Loss: 5.8214 | Val Loss: 6.0963
[2026-04-30 11:32:15] [INFO] Fine-tune Epoch 395 | Train Loss: 5.8144 | Val Loss: 6.0900
[2026-04-30 11:32:28] [INFO] Fine-tune Epoch 400 | Train Loss: 5.8260 | Val Loss: 6.0864
[2026-04-30 11:32:41] [INFO] Fine-tune Epoch 405 | Train Loss: 5.8247 | Val Loss: 6.0857
[2026-04-30 11:32:53] [INFO] Fine-tune Epoch 410 | Train Loss: 5.8226 | Val Loss: 6.0894
[2026-04-30 11:33:06] [INFO] Fine-tune Epoch 415 | Train Loss: 5.7965 | Val Loss: 6.0863
[2026-04-30 11:33:17] [INFO] Fine-tune Epoch 420 | Train Loss: 5.8103 | Val Loss: 6.0864
[2026-04-30 11:33:26] [INFO] Fine-tune Epoch 425 | Train Loss: 5.8253 | Val Loss: 6.0880
[2026-04-30 11:33:38] [INFO] Fine-tune Epoch 430 | Train Loss: 5.7860 | Val Loss: 6.0866
[2026-04-30 11:33:50] [INFO] Fine-tune Epoch 435 | Train Loss: 5.8109 | Val Loss: 6.0868
[2026-04-30 11:34:03] [INFO] Fine-tune Epoch 440 | Train Loss: 5.7392 | Val Loss: 6.0843
[2026-04-30 11:34:15] [INFO] Fine-tune Epoch 445 | Train Loss: 5.8103 | Val Loss: 6.0872
[2026-04-30 11:34:27] [INFO] Fine-tune Epoch 450 | Train Loss: 5.8179 | Val Loss: 6.0885
[2026-04-30 11:34:40] [INFO] Fine-tune Epoch 455 | Train Loss: 5.8240 | Val Loss: 6.0886
[2026-04-30 11:34:52] [INFO] Fine-tune Epoch 460 | Train Loss: 5.8209 | Val Loss: 6.0852
[2026-04-30 11:35:05] [INFO] Fine-tune Epoch 465 | Train Loss: 5.8235 | Val Loss: 6.0922
[2026-05-06 21:05:16] [INFO] 🚀 初始化泛癌训练任务 (Multi-Positive + AdamW + Schedulers) | Device: cuda
[2026-05-06 21:05:17] [INFO] 📊 成功载入 73 个样本数据。
[2026-05-06 21:05:17] [INFO] ✅ 自动检测到输入维度: 233
[2026-05-06 21:05:17] [INFO] 🔥 Phase 1: 预训练特征 (150 Epochs)...
[2026-05-06 21:05:32] [INFO] Pre-train Epoch 000 | LR: 0.000016 | Loss: 8.5301
[2026-05-06 21:06:38] [INFO] Pre-train Epoch 005 | LR: 0.000046 | Loss: 8.1982
[2026-05-06 21:07:44] [INFO] Pre-train Epoch 010 | LR: 0.000076 | Loss: 7.6050
[2026-05-06 21:08:49] [INFO] Pre-train Epoch 015 | LR: 0.000100 | Loss: 7.0722
[2026-05-06 21:09:54] [INFO] Pre-train Epoch 020 | LR: 0.000100 | Loss: 6.7787
[2026-05-06 21:11:01] [INFO] Pre-train Epoch 025 | LR: 0.000098 | Loss: 6.5745
[2026-05-06 21:12:07] [INFO] Pre-train Epoch 030 | LR: 0.000097 | Loss: 6.4421
[2026-05-06 21:13:12] [INFO] Pre-train Epoch 035 | LR: 0.000094 | Loss: 6.3253
[2026-05-06 21:14:18] [INFO] Pre-train Epoch 040 | LR: 0.000091 | Loss: 6.2733
[2026-05-06 21:15:30] [INFO] Pre-train Epoch 045 | LR: 0.000088 | Loss: 6.2112
[2026-05-06 21:16:36] [INFO] Pre-train Epoch 050 | LR: 0.000083 | Loss: 6.1682
[2026-05-06 21:17:41] [INFO] Pre-train Epoch 055 | LR: 0.000079 | Loss: 6.1264
[2026-05-06 21:18:47] [INFO] Pre-train Epoch 060 | LR: 0.000074 | Loss: 6.0780
[2026-05-06 21:19:52] [INFO] Pre-train Epoch 065 | LR: 0.000069 | Loss: 6.0791
[2026-05-06 21:20:57] [INFO] Pre-train Epoch 070 | LR: 0.000063 | Loss: 6.0294
[2026-05-06 21:22:02] [INFO] Pre-train Epoch 075 | LR: 0.000058 | Loss: 6.0217
[2026-05-06 21:23:07] [INFO] Pre-train Epoch 080 | LR: 0.000052 | Loss: 5.9979
[2026-05-06 21:24:12] [INFO] Pre-train Epoch 085 | LR: 0.000046 | Loss: 5.9903
[2026-05-06 21:25:18] [INFO] Pre-train Epoch 090 | LR: 0.000040 | Loss: 5.9473
[2026-05-06 21:26:23] [INFO] Pre-train Epoch 095 | LR: 0.000035 | Loss: 5.9566
[2026-05-06 21:27:27] [INFO] Pre-train Epoch 100 | LR: 0.000029 | Loss: 5.9385
[2026-05-06 21:28:33] [INFO] Pre-train Epoch 105 | LR: 0.000024 | Loss: 5.9479
[2026-05-06 21:29:39] [INFO] Pre-train Epoch 110 | LR: 0.000019 | Loss: 5.9403
[2026-05-06 21:30:44] [INFO] Pre-train Epoch 115 | LR: 0.000015 | Loss: 5.9328
[2026-05-06 21:31:49] [INFO] Pre-train Epoch 120 | LR: 0.000011 | Loss: 5.9088
[2026-05-06 21:32:54] [INFO] Pre-train Epoch 125 | LR: 0.000008 | Loss: 5.9102
[2026-05-06 21:33:59] [INFO] Pre-train Epoch 130 | LR: 0.000005 | Loss: 5.9254
[2026-05-06 21:35:04] [INFO] Pre-train Epoch 135 | LR: 0.000003 | Loss: 5.9136
[2026-05-06 21:36:11] [INFO] Pre-train Epoch 140 | LR: 0.000001 | Loss: 5.9052
[2026-05-06 21:37:16] [INFO] Pre-train Epoch 145 | LR: 0.000000 | Loss: 5.9172
[2026-05-06 21:38:08] [INFO] 🎯 Phase 2: 使用 KMeans 初始化 DEC 聚类中心...
[2026-05-06 21:59:29] [INFO] 🚀 初始化泛癌训练任务 (Multi-Positive + AdamW + Schedulers) | Device: cuda
[2026-05-06 21:59:29] [INFO] 📊 成功载入 73 个样本数据。
[2026-05-06 21:59:29] [INFO] ✅ 自动检测到输入维度: 233
[2026-05-06 21:59:29] [INFO] 🔥 Phase 1: 预训练特征 (150 Epochs)...
[2026-05-06 21:59:45] [INFO] Pre-train Epoch 000 | LR: 0.000016 | Loss: 8.5301
[2026-05-06 22:00:54] [INFO] Pre-train Epoch 005 | LR: 0.000046 | Loss: 8.1982
[2026-05-06 22:02:58] [INFO] 🚀 初始化泛癌训练任务 (Multi-Positive + AdamW + Schedulers) | Device: cuda
[2026-05-06 22:02:59] [INFO] 📊 成功载入 73 个样本数据。
[2026-05-06 22:02:59] [INFO] ✅ 自动检测到输入维度: 233
[2026-05-06 22:02:59] [INFO] 🔥 Phase 1: 预训练特征 (150 Epochs)...
[2026-05-06 22:03:03] [INFO] Pre-train Epoch 000 | LR: 0.000016 | Loss: 8.5301
[2026-05-06 22:03:08] [INFO] Pre-train Epoch 005 | LR: 0.000046 | Loss: 8.1982
[2026-05-06 22:03:13] [INFO] Pre-train Epoch 010 | LR: 0.000076 | Loss: 7.6050
[2026-05-06 22:03:18] [INFO] Pre-train Epoch 015 | LR: 0.000100 | Loss: 7.0722
[2026-05-06 22:03:23] [INFO] Pre-train Epoch 020 | LR: 0.000100 | Loss: 6.7787
[2026-05-06 22:03:27] [INFO] Pre-train Epoch 025 | LR: 0.000098 | Loss: 6.5745
[2026-05-06 22:03:32] [INFO] Pre-train Epoch 030 | LR: 0.000097 | Loss: 6.4421
[2026-05-06 22:03:36] [INFO] Pre-train Epoch 035 | LR: 0.000094 | Loss: 6.3253
[2026-05-06 22:03:41] [INFO] Pre-train Epoch 040 | LR: 0.000091 | Loss: 6.2732
[2026-05-06 22:03:45] [INFO] Pre-train Epoch 045 | LR: 0.000088 | Loss: 6.2112
[2026-05-06 22:03:50] [INFO] Pre-train Epoch 050 | LR: 0.000083 | Loss: 6.1681
[2026-05-06 22:03:55] [INFO] Pre-train Epoch 055 | LR: 0.000079 | Loss: 6.1263
[2026-05-06 22:03:59] [INFO] Pre-train Epoch 060 | LR: 0.000074 | Loss: 6.0780
[2026-05-06 22:04:04] [INFO] Pre-train Epoch 065 | LR: 0.000069 | Loss: 6.0791
[2026-05-06 22:04:09] [INFO] Pre-train Epoch 070 | LR: 0.000063 | Loss: 6.0294
[2026-05-06 22:04:13] [INFO] Pre-train Epoch 075 | LR: 0.000058 | Loss: 6.0217
[2026-05-06 22:04:18] [INFO] Pre-train Epoch 080 | LR: 0.000052 | Loss: 5.9979
[2026-05-06 22:04:23] [INFO] Pre-train Epoch 085 | LR: 0.000046 | Loss: 5.9903
[2026-05-06 22:04:27] [INFO] Pre-train Epoch 090 | LR: 0.000040 | Loss: 5.9473
[2026-05-06 22:04:32] [INFO] Pre-train Epoch 095 | LR: 0.000035 | Loss: 5.9566
[2026-05-06 22:04:36] [INFO] Pre-train Epoch 100 | LR: 0.000029 | Loss: 5.9386
[2026-05-06 22:04:41] [INFO] Pre-train Epoch 105 | LR: 0.000024 | Loss: 5.9479
[2026-05-06 22:04:46] [INFO] Pre-train Epoch 110 | LR: 0.000019 | Loss: 5.9403
[2026-05-06 22:04:50] [INFO] Pre-train Epoch 115 | LR: 0.000015 | Loss: 5.9328
[2026-05-06 22:04:55] [INFO] Pre-train Epoch 120 | LR: 0.000011 | Loss: 5.9088
[2026-05-06 22:04:59] [INFO] Pre-train Epoch 125 | LR: 0.000008 | Loss: 5.9102
[2026-05-06 22:05:04] [INFO] Pre-train Epoch 130 | LR: 0.000005 | Loss: 5.9254
[2026-05-06 22:05:08] [INFO] Pre-train Epoch 135 | LR: 0.000003 | Loss: 5.9136
[2026-05-06 22:05:13] [INFO] Pre-train Epoch 140 | LR: 0.000001 | Loss: 5.9052
[2026-05-06 22:05:18] [INFO] Pre-train Epoch 145 | LR: 0.000000 | Loss: 5.9172
[2026-05-06 22:05:21] [INFO] 🎯 Phase 2: 使用 KMeans 初始化 DEC 聚类中心...
[2026-05-06 22:05:34] [INFO] 🚀 Phase 3: 联合微调 (500 Epochs)...
[2026-05-06 22:05:36] [INFO] Fine-tune Epoch 000 | Train Loss: 5.9299 | Val Loss: 6.1426
[2026-05-06 22:05:42] [INFO] Fine-tune Epoch 005 | Train Loss: 5.9248 | Val Loss: 6.1395
[2026-05-06 22:05:49] [INFO] Fine-tune Epoch 010 | Train Loss: 5.9309 | Val Loss: 6.1422
[2026-05-06 22:05:55] [INFO] Fine-tune Epoch 015 | Train Loss: 5.9336 | Val Loss: 6.1357
[2026-05-06 22:06:01] [INFO] Fine-tune Epoch 020 | Train Loss: 5.8985 | Val Loss: 6.1329
[2026-05-06 22:06:07] [INFO] Fine-tune Epoch 025 | Train Loss: 5.9120 | Val Loss: 6.1345
[2026-05-06 22:06:13] [INFO] Fine-tune Epoch 030 | Train Loss: 5.9094 | Val Loss: 6.1327
[2026-05-06 22:06:19] [INFO] Fine-tune Epoch 035 | Train Loss: 5.9192 | Val Loss: 6.1375
[2026-05-06 22:06:25] [INFO] Fine-tune Epoch 040 | Train Loss: 5.9031 | Val Loss: 6.1298
[2026-05-06 22:06:31] [INFO] Fine-tune Epoch 045 | Train Loss: 5.8993 | Val Loss: 6.1350
[2026-05-06 22:06:37] [INFO] Fine-tune Epoch 050 | Train Loss: 5.9153 | Val Loss: 6.1322
[2026-05-06 22:06:43] [INFO] Fine-tune Epoch 055 | Train Loss: 5.8934 | Val Loss: 6.1311
[2026-05-06 22:06:49] [INFO] Fine-tune Epoch 060 | Train Loss: 5.9061 | Val Loss: 6.1338
[2026-05-06 22:06:55] [INFO] Fine-tune Epoch 065 | Train Loss: 5.8959 | Val Loss: 6.1293
[2026-05-06 22:07:01] [INFO] Fine-tune Epoch 070 | Train Loss: 5.9018 | Val Loss: 6.1274
[2026-05-06 22:07:07] [INFO] Fine-tune Epoch 075 | Train Loss: 5.9028 | Val Loss: 6.1247
[2026-05-06 22:07:13] [INFO] Fine-tune Epoch 080 | Train Loss: 5.8955 | Val Loss: 6.1262
[2026-05-06 22:07:18] [INFO] Fine-tune Epoch 085 | Train Loss: 5.8859 | Val Loss: 6.1235
[2026-05-06 22:07:24] [INFO] Fine-tune Epoch 090 | Train Loss: 5.8754 | Val Loss: 6.1268
[2026-05-06 22:07:30] [INFO] Fine-tune Epoch 095 | Train Loss: 5.8815 | Val Loss: 6.1204
[2026-05-06 22:07:36] [INFO] Fine-tune Epoch 100 | Train Loss: 5.8794 | Val Loss: 6.1232
[2026-05-06 22:07:43] [INFO] Fine-tune Epoch 105 | Train Loss: 5.8712 | Val Loss: 6.1262
[2026-05-06 22:07:49] [INFO] Fine-tune Epoch 110 | Train Loss: 5.8887 | Val Loss: 6.1178
[2026-05-06 22:07:55] [INFO] Fine-tune Epoch 115 | Train Loss: 5.8659 | Val Loss: 6.1154
[2026-05-06 22:08:02] [INFO] Fine-tune Epoch 120 | Train Loss: 5.8788 | Val Loss: 6.1253
[2026-05-06 22:08:08] [INFO] Fine-tune Epoch 125 | Train Loss: 5.8545 | Val Loss: 6.1166
[2026-05-06 22:08:14] [INFO] Fine-tune Epoch 130 | Train Loss: 5.8784 | Val Loss: 6.1134
[2026-05-06 22:08:20] [INFO] Fine-tune Epoch 135 | Train Loss: 5.8805 | Val Loss: 6.1159
[2026-05-06 22:08:26] [INFO] Fine-tune Epoch 140 | Train Loss: 5.8750 | Val Loss: 6.1222
[2026-05-06 22:08:33] [INFO] Fine-tune Epoch 145 | Train Loss: 5.8647 | Val Loss: 6.1164
[2026-05-06 22:08:39] [INFO] Fine-tune Epoch 150 | Train Loss: 5.8486 | Val Loss: 6.1158
[2026-05-06 22:08:45] [INFO] Fine-tune Epoch 155 | Train Loss: 5.8720 | Val Loss: 6.1162
[2026-05-06 22:08:51] [INFO] Fine-tune Epoch 160 | Train Loss: 5.8564 | Val Loss: 6.1129
[2026-05-06 22:08:58] [INFO] Fine-tune Epoch 165 | Train Loss: 5.8641 | Val Loss: 6.1093
[2026-05-06 22:09:04] [INFO] Fine-tune Epoch 170 | Train Loss: 5.8451 | Val Loss: 6.1137
[2026-05-06 22:09:10] [INFO] Fine-tune Epoch 175 | Train Loss: 5.8493 | Val Loss: 6.1148
[2026-05-06 22:09:16] [INFO] Fine-tune Epoch 180 | Train Loss: 5.8621 | Val Loss: 6.1052
[2026-05-06 22:09:23] [INFO] Fine-tune Epoch 185 | Train Loss: 5.8672 | Val Loss: 6.1148
[2026-05-06 22:09:29] [INFO] Fine-tune Epoch 190 | Train Loss: 5.8601 | Val Loss: 6.1114
[2026-05-06 22:09:35] [INFO] Fine-tune Epoch 195 | Train Loss: 5.8355 | Val Loss: 6.1075
[2026-05-06 22:09:41] [INFO] Fine-tune Epoch 200 | Train Loss: 5.8391 | Val Loss: 6.1032
[2026-05-06 22:09:47] [INFO] Fine-tune Epoch 205 | Train Loss: 5.8460 | Val Loss: 6.1084
[2026-05-06 22:09:53] [INFO] Fine-tune Epoch 210 | Train Loss: 5.8495 | Val Loss: 6.1065
[2026-05-06 22:09:59] [INFO] Fine-tune Epoch 215 | Train Loss: 5.8402 | Val Loss: 6.1072
[2026-05-06 22:10:05] [INFO] Fine-tune Epoch 220 | Train Loss: 5.8290 | Val Loss: 6.1023
[2026-05-06 22:10:11] [INFO] Fine-tune Epoch 225 | Train Loss: 5.8540 | Val Loss: 6.1135
[2026-05-06 22:10:18] [INFO] Fine-tune Epoch 230 | Train Loss: 5.8290 | Val Loss: 6.1027
[2026-05-06 22:10:24] [INFO] Fine-tune Epoch 235 | Train Loss: 5.8264 | Val Loss: 6.1008
[2026-05-06 22:10:30] [INFO] Fine-tune Epoch 240 | Train Loss: 5.8470 | Val Loss: 6.1028
[2026-05-06 22:10:36] [INFO] Fine-tune Epoch 245 | Train Loss: 5.8306 | Val Loss: 6.1028
[2026-05-06 22:10:41] [INFO] Fine-tune Epoch 250 | Train Loss: 5.8484 | Val Loss: 6.1018
[2026-05-06 22:10:47] [INFO] Fine-tune Epoch 255 | Train Loss: 5.8299 | Val Loss: 6.1005
[2026-05-06 22:10:53] [INFO] Fine-tune Epoch 260 | Train Loss: 5.8453 | Val Loss: 6.1014
[2026-05-06 22:10:59] [INFO] Fine-tune Epoch 265 | Train Loss: 5.8073 | Val Loss: 6.1035
[2026-05-06 22:11:05] [INFO] Fine-tune Epoch 270 | Train Loss: 5.8431 | Val Loss: 6.1066
[2026-05-06 22:11:11] [INFO] Fine-tune Epoch 275 | Train Loss: 5.8001 | Val Loss: 6.1042
[2026-05-06 22:11:17] [INFO] Fine-tune Epoch 280 | Train Loss: 5.8288 | Val Loss: 6.0992
[2026-05-06 22:11:23] [INFO] Fine-tune Epoch 285 | Train Loss: 5.8382 | Val Loss: 6.0972
[2026-05-06 22:11:28] [INFO] Fine-tune Epoch 290 | Train Loss: 5.8249 | Val Loss: 6.0975
[2026-05-06 22:11:35] [INFO] Fine-tune Epoch 295 | Train Loss: 5.8449 | Val Loss: 6.0997
[2026-05-06 22:11:40] [INFO] Fine-tune Epoch 300 | Train Loss: 5.8388 | Val Loss: 6.1037
[2026-05-06 22:11:46] [INFO] Fine-tune Epoch 305 | Train Loss: 5.8294 | Val Loss: 6.0995
[2026-05-06 22:11:52] [INFO] Fine-tune Epoch 310 | Train Loss: 5.8359 | Val Loss: 6.1050
[2026-05-06 22:11:58] [INFO] Fine-tune Epoch 315 | Train Loss: 5.8303 | Val Loss: 6.0994
[2026-05-06 22:12:04] [INFO] Fine-tune Epoch 320 | Train Loss: 5.8282 | Val Loss: 6.0997
[2026-05-06 22:12:10] [INFO] Fine-tune Epoch 325 | Train Loss: 5.8349 | Val Loss: 6.1011
[2026-05-06 22:12:16] [INFO] Fine-tune Epoch 330 | Train Loss: 5.8328 | Val Loss: 6.1016
[2026-05-06 22:12:22] [INFO] Fine-tune Epoch 335 | Train Loss: 5.8251 | Val Loss: 6.0947
[2026-05-06 22:12:28] [INFO] Fine-tune Epoch 340 | Train Loss: 5.8152 | Val Loss: 6.1012
[2026-05-06 22:12:34] [INFO] Fine-tune Epoch 345 | Train Loss: 5.7867 | Val Loss: 6.1014
[2026-05-06 22:12:40] [INFO] Fine-tune Epoch 350 | Train Loss: 5.8102 | Val Loss: 6.0967
[2026-05-06 22:12:45] [INFO] Fine-tune Epoch 355 | Train Loss: 5.7897 | Val Loss: 6.1012
[2026-05-06 22:12:51] [INFO] Fine-tune Epoch 360 | Train Loss: 5.8236 | Val Loss: 6.0961
[2026-05-06 22:12:57] [INFO] Fine-tune Epoch 365 | Train Loss: 5.8246 | Val Loss: 6.1008
[2026-05-06 22:13:03] [INFO] Fine-tune Epoch 370 | Train Loss: 5.8124 | Val Loss: 6.0985
[2026-05-06 22:13:09] [INFO] Fine-tune Epoch 375 | Train Loss: 5.8342 | Val Loss: 6.0972
[2026-05-06 22:13:16] [INFO] Fine-tune Epoch 380 | Train Loss: 5.8295 | Val Loss: 6.0977
[2026-05-06 22:13:22] [INFO] Fine-tune Epoch 385 | Train Loss: 5.8319 | Val Loss: 6.0989
[2026-05-06 22:13:28] [INFO] Fine-tune Epoch 390 | Train Loss: 5.8295 | Val Loss: 6.1059
[2026-05-06 22:13:34] [INFO] Fine-tune Epoch 395 | Train Loss: 5.8226 | Val Loss: 6.0996
[2026-05-06 22:13:41] [INFO] Fine-tune Epoch 400 | Train Loss: 5.8341 | Val Loss: 6.0959
[2026-05-06 22:13:47] [INFO] Fine-tune Epoch 405 | Train Loss: 5.8327 | Val Loss: 6.0952
[2026-05-06 22:13:53] [INFO] Fine-tune Epoch 410 | Train Loss: 5.8306 | Val Loss: 6.0989
[2026-05-06 22:13:59] [INFO] Fine-tune Epoch 415 | Train Loss: 5.8046 | Val Loss: 6.0958
[2026-05-06 22:14:05] [INFO] Fine-tune Epoch 420 | Train Loss: 5.8184 | Val Loss: 6.0959
[2026-05-06 22:14:10] [INFO] Fine-tune Epoch 425 | Train Loss: 5.8334 | Val Loss: 6.0975
[2026-05-06 22:14:16] [INFO] Fine-tune Epoch 430 | Train Loss: 5.7941 | Val Loss: 6.0962
[2026-05-06 22:14:22] [INFO] Fine-tune Epoch 435 | Train Loss: 5.8191 | Val Loss: 6.0963
[2026-05-06 22:14:28] [INFO] Fine-tune Epoch 440 | Train Loss: 5.7471 | Val Loss: 6.0937
[2026-05-06 22:14:34] [INFO] Fine-tune Epoch 445 | Train Loss: 5.8184 | Val Loss: 6.0967
[2026-05-06 22:14:39] [INFO] Fine-tune Epoch 450 | Train Loss: 5.8261 | Val Loss: 6.0980
[2026-05-06 22:14:45] [INFO] Fine-tune Epoch 455 | Train Loss: 5.8321 | Val Loss: 6.0981
[2026-05-06 22:14:51] [INFO] Fine-tune Epoch 460 | Train Loss: 5.8291 | Val Loss: 6.0947
[2026-05-06 22:14:57] [INFO] Fine-tune Epoch 465 | Train Loss: 5.8316 | Val Loss: 6.1017
[2026-05-06 22:15:03] [INFO] Fine-tune Epoch 470 | Train Loss: 5.8280 | Val Loss: 6.1046
[2026-05-06 22:15:09] [INFO] Fine-tune Epoch 475 | Train Loss: 5.8088 | Val Loss: 6.0998
[2026-05-06 22:15:15] [INFO] Fine-tune Epoch 480 | Train Loss: 5.8222 | Val Loss: 6.0971
[2026-05-06 22:15:21] [INFO] Fine-tune Epoch 485 | Train Loss: 5.8322 | Val Loss: 6.1021
[2026-05-06 22:15:26] [INFO] Fine-tune Epoch 490 | Train Loss: 5.7320 | Val Loss: 6.0909
[2026-05-06 22:15:32] [INFO] Fine-tune Epoch 495 | Train Loss: 5.8393 | Val Loss: 6.1008
[2026-05-06 22:15:38] [INFO] ✅ 训练完成，最佳模型已保存。
[2026-05-08 10:35:22] [INFO] 🚀 初始化泛癌训练任务 (Multi-Positive + AdamW + Schedulers) | Device: cuda
[2026-05-08 10:35:22] [INFO] 📊 成功载入 130 个样本数据。
[2026-05-08 10:35:22] [INFO] ✅ 自动检测到输入维度: 233
[2026-05-08 10:35:22] [INFO] 🔥 Phase 1: 预训练特征 (150 Epochs)...
[2026-05-08 10:35:27] [INFO] Pre-train Epoch 000 | LR: 0.000016 | Loss: 8.4605
[2026-05-08 10:35:36] [INFO] Pre-train Epoch 005 | LR: 0.000046 | Loss: 7.7614
[2026-05-08 10:35:44] [INFO] Pre-train Epoch 010 | LR: 0.000076 | Loss: 6.9095
[2026-05-08 10:35:52] [INFO] Pre-train Epoch 015 | LR: 0.000100 | Loss: 6.4865
[2026-05-08 10:36:00] [INFO] Pre-train Epoch 020 | LR: 0.000100 | Loss: 6.2338
[2026-05-08 10:36:08] [INFO] Pre-train Epoch 025 | LR: 0.000098 | Loss: 6.1131
[2026-05-08 10:36:17] [INFO] Pre-train Epoch 030 | LR: 0.000097 | Loss: 6.0671
[2026-05-08 10:36:25] [INFO] Pre-train Epoch 035 | LR: 0.000094 | Loss: 5.9894
[2026-05-08 10:36:33] [INFO] Pre-train Epoch 040 | LR: 0.000091 | Loss: 5.9265
[2026-05-08 10:36:41] [INFO] Pre-train Epoch 045 | LR: 0.000088 | Loss: 5.8875
[2026-05-08 10:36:49] [INFO] Pre-train Epoch 050 | LR: 0.000083 | Loss: 5.8701
[2026-05-08 10:36:57] [INFO] Pre-train Epoch 055 | LR: 0.000079 | Loss: 5.8385
[2026-05-08 10:37:06] [INFO] Pre-train Epoch 060 | LR: 0.000074 | Loss: 5.8065
[2026-05-08 10:37:14] [INFO] Pre-train Epoch 065 | LR: 0.000069 | Loss: 5.8053
[2026-05-08 10:37:23] [INFO] Pre-train Epoch 070 | LR: 0.000063 | Loss: 5.7558
[2026-05-08 10:37:31] [INFO] Pre-train Epoch 075 | LR: 0.000058 | Loss: 5.7353
[2026-05-08 10:37:39] [INFO] Pre-train Epoch 080 | LR: 0.000052 | Loss: 5.7329
[2026-05-08 10:37:48] [INFO] Pre-train Epoch 085 | LR: 0.000046 | Loss: 5.7436
[2026-05-08 10:37:56] [INFO] Pre-train Epoch 090 | LR: 0.000040 | Loss: 5.7258
[2026-05-08 10:38:05] [INFO] Pre-train Epoch 095 | LR: 0.000035 | Loss: 5.7304
[2026-05-08 10:38:13] [INFO] Pre-train Epoch 100 | LR: 0.000029 | Loss: 5.7165
[2026-05-08 10:38:22] [INFO] Pre-train Epoch 105 | LR: 0.000024 | Loss: 5.6972
[2026-05-08 10:38:32] [INFO] Pre-train Epoch 110 | LR: 0.000019 | Loss: 5.6826
[2026-05-08 10:38:40] [INFO] Pre-train Epoch 115 | LR: 0.000015 | Loss: 5.7138
[2026-05-08 10:38:48] [INFO] Pre-train Epoch 120 | LR: 0.000011 | Loss: 5.7033
[2026-05-08 10:38:57] [INFO] Pre-train Epoch 125 | LR: 0.000008 | Loss: 5.6454
[2026-05-08 10:39:05] [INFO] Pre-train Epoch 130 | LR: 0.000005 | Loss: 5.6911
[2026-05-08 10:39:14] [INFO] Pre-train Epoch 135 | LR: 0.000003 | Loss: 5.7054
[2026-05-08 10:39:22] [INFO] Pre-train Epoch 140 | LR: 0.000001 | Loss: 5.6901
[2026-05-08 10:39:31] [INFO] Pre-train Epoch 145 | LR: 0.000000 | Loss: 5.6971
[2026-05-08 10:39:37] [INFO] 🎯 Phase 2: 使用 KMeans 初始化 DEC 聚类中心...
[2026-05-08 10:39:57] [INFO] 🚀 Phase 3: 联合微调 (500 Epochs)...
[2026-05-08 10:40:01] [INFO] Fine-tune Epoch 000 | Train Loss: 5.7039 | Val Loss: 5.9591
[2026-05-08 10:40:12] [INFO] Fine-tune Epoch 005 | Train Loss: 5.6844 | Val Loss: 5.9540
[2026-05-08 10:40:22] [INFO] Fine-tune Epoch 010 | Train Loss: 5.6950 | Val Loss: 5.9512
[2026-05-08 10:40:33] [INFO] Fine-tune Epoch 015 | Train Loss: 5.6428 | Val Loss: 5.9400
[2026-05-08 10:40:44] [INFO] Fine-tune Epoch 020 | Train Loss: 5.6522 | Val Loss: 5.9342
[2026-05-08 10:40:55] [INFO] Fine-tune Epoch 025 | Train Loss: 5.6726 | Val Loss: 5.9357
[2026-05-08 10:41:05] [INFO] Fine-tune Epoch 030 | Train Loss: 5.6544 | Val Loss: 5.9296
[2026-05-08 10:41:16] [INFO] Fine-tune Epoch 035 | Train Loss: 5.6321 | Val Loss: 5.9324
[2026-05-08 10:41:26] [INFO] Fine-tune Epoch 040 | Train Loss: 5.6005 | Val Loss: 5.9343
[2026-05-08 10:41:37] [INFO] Fine-tune Epoch 045 | Train Loss: 5.6329 | Val Loss: 5.9209
[2026-05-08 10:41:47] [INFO] Fine-tune Epoch 050 | Train Loss: 5.6375 | Val Loss: 5.9149
[2026-05-08 10:41:57] [INFO] Fine-tune Epoch 055 | Train Loss: 5.5932 | Val Loss: 5.9164
[2026-05-08 10:42:08] [INFO] Fine-tune Epoch 060 | Train Loss: 5.6278 | Val Loss: 5.9100
[2026-05-08 10:42:18] [INFO] Fine-tune Epoch 065 | Train Loss: 5.6209 | Val Loss: 5.9086
[2026-05-08 10:42:28] [INFO] Fine-tune Epoch 070 | Train Loss: 5.6089 | Val Loss: 5.9020
[2026-05-08 10:42:39] [INFO] Fine-tune Epoch 075 | Train Loss: 5.5584 | Val Loss: 5.9037
[2026-05-08 10:42:49] [INFO] Fine-tune Epoch 080 | Train Loss: 5.5887 | Val Loss: 5.8940
[2026-05-08 10:43:00] [INFO] Fine-tune Epoch 085 | Train Loss: 5.5900 | Val Loss: 5.8958
[2026-05-08 10:43:10] [INFO] Fine-tune Epoch 090 | Train Loss: 5.5832 | Val Loss: 5.9016
[2026-05-08 10:43:20] [INFO] Fine-tune Epoch 095 | Train Loss: 5.5673 | Val Loss: 5.8922
[2026-05-08 10:43:31] [INFO] Fine-tune Epoch 100 | Train Loss: 5.5626 | Val Loss: 5.8887
[2026-05-08 10:43:41] [INFO] Fine-tune Epoch 105 | Train Loss: 5.5801 | Val Loss: 5.8857
[2026-05-08 10:43:51] [INFO] Fine-tune Epoch 110 | Train Loss: 5.5764 | Val Loss: 5.8788
[2026-05-08 10:44:01] [INFO] Fine-tune Epoch 115 | Train Loss: 5.5722 | Val Loss: 5.8797
[2026-05-08 10:44:12] [INFO] Fine-tune Epoch 120 | Train Loss: 5.5720 | Val Loss: 5.8752
[2026-05-08 10:44:22] [INFO] Fine-tune Epoch 125 | Train Loss: 5.5610 | Val Loss: 5.8786
[2026-05-08 10:44:33] [INFO] Fine-tune Epoch 130 | Train Loss: 5.5543 | Val Loss: 5.8701
[2026-05-08 10:44:43] [INFO] Fine-tune Epoch 135 | Train Loss: 5.5596 | Val Loss: 5.8731
[2026-05-08 10:44:53] [INFO] Fine-tune Epoch 140 | Train Loss: 5.5576 | Val Loss: 5.8683
[2026-05-08 10:45:04] [INFO] Fine-tune Epoch 145 | Train Loss: 5.5480 | Val Loss: 5.8646
[2026-05-08 10:45:14] [INFO] Fine-tune Epoch 150 | Train Loss: 5.5106 | Val Loss: 5.8685
[2026-05-08 10:45:24] [INFO] Fine-tune Epoch 155 | Train Loss: 5.5226 | Val Loss: 5.8620
[2026-05-08 10:45:35] [INFO] Fine-tune Epoch 160 | Train Loss: 5.5435 | Val Loss: 5.8656
[2026-05-08 10:45:45] [INFO] Fine-tune Epoch 165 | Train Loss: 5.5360 | Val Loss: 5.8580
[2026-05-08 10:45:55] [INFO] Fine-tune Epoch 170 | Train Loss: 5.5197 | Val Loss: 5.8613
[2026-05-08 10:46:05] [INFO] Fine-tune Epoch 175 | Train Loss: 5.5237 | Val Loss: 5.8572
[2026-05-08 10:46:16] [INFO] Fine-tune Epoch 180 | Train Loss: 5.5140 | Val Loss: 5.8542
[2026-05-08 10:46:26] [INFO] Fine-tune Epoch 185 | Train Loss: 5.5342 | Val Loss: 5.8612
[2026-05-08 10:46:36] [INFO] Fine-tune Epoch 190 | Train Loss: 5.5199 | Val Loss: 5.8549
[2026-05-08 10:46:47] [INFO] Fine-tune Epoch 195 | Train Loss: 5.5099 | Val Loss: 5.8508
[2026-05-08 10:46:57] [INFO] Fine-tune Epoch 200 | Train Loss: 5.5053 | Val Loss: 5.8544
[2026-05-08 10:47:07] [INFO] Fine-tune Epoch 205 | Train Loss: 5.5274 | Val Loss: 5.8514
[2026-05-08 10:47:17] [INFO] Fine-tune Epoch 210 | Train Loss: 5.4895 | Val Loss: 5.8440
[2026-05-08 10:47:28] [INFO] Fine-tune Epoch 215 | Train Loss: 5.5010 | Val Loss: 5.8450
[2026-05-08 10:47:38] [INFO] Fine-tune Epoch 220 | Train Loss: 5.5041 | Val Loss: 5.8431
[2026-05-08 10:47:48] [INFO] Fine-tune Epoch 225 | Train Loss: 5.5079 | Val Loss: 5.8339
[2026-05-08 10:47:58] [INFO] Fine-tune Epoch 230 | Train Loss: 5.4860 | Val Loss: 5.8407
[2026-05-08 10:48:09] [INFO] Fine-tune Epoch 235 | Train Loss: 5.5058 | Val Loss: 5.8420
[2026-05-08 10:48:19] [INFO] Fine-tune Epoch 240 | Train Loss: 5.5038 | Val Loss: 5.8396
[2026-05-08 10:48:29] [INFO] Fine-tune Epoch 245 | Train Loss: 5.4838 | Val Loss: 5.8366
[2026-05-08 10:48:39] [INFO] Fine-tune Epoch 250 | Train Loss: 5.5035 | Val Loss: 5.8382
[2026-05-08 10:48:50] [INFO] Fine-tune Epoch 255 | Train Loss: 5.4544 | Val Loss: 5.8318
[2026-05-08 10:49:00] [INFO] Fine-tune Epoch 260 | Train Loss: 5.5037 | Val Loss: 5.8315
[2026-05-08 10:49:11] [INFO] Fine-tune Epoch 265 | Train Loss: 5.4845 | Val Loss: 5.8346
[2026-05-08 10:49:21] [INFO] Fine-tune Epoch 270 | Train Loss: 5.4876 | Val Loss: 5.8345
[2026-05-08 10:49:31] [INFO] Fine-tune Epoch 275 | Train Loss: 5.4752 | Val Loss: 5.8361
[2026-05-08 10:49:41] [INFO] Fine-tune Epoch 280 | Train Loss: 5.4918 | Val Loss: 5.8290
[2026-05-08 10:49:52] [INFO] Fine-tune Epoch 285 | Train Loss: 5.4824 | Val Loss: 5.8260
[2026-05-08 10:50:02] [INFO] Fine-tune Epoch 290 | Train Loss: 5.4538 | Val Loss: 5.8318
[2026-05-08 10:50:12] [INFO] Fine-tune Epoch 295 | Train Loss: 5.4727 | Val Loss: 5.8265
[2026-05-08 10:50:22] [INFO] Fine-tune Epoch 300 | Train Loss: 5.4730 | Val Loss: 5.8278
[2026-05-08 10:50:33] [INFO] Fine-tune Epoch 305 | Train Loss: 5.4772 | Val Loss: 5.8255
[2026-05-08 10:50:43] [INFO] Fine-tune Epoch 310 | Train Loss: 5.4811 | Val Loss: 5.8314
[2026-05-08 10:50:53] [INFO] Fine-tune Epoch 315 | Train Loss: 5.4806 | Val Loss: 5.8304
[2026-05-08 10:51:04] [INFO] Fine-tune Epoch 320 | Train Loss: 5.4483 | Val Loss: 5.8288
[2026-05-08 10:51:14] [INFO] Fine-tune Epoch 325 | Train Loss: 5.4425 | Val Loss: 5.8268
[2026-05-08 10:51:24] [INFO] Fine-tune Epoch 330 | Train Loss: 5.4800 | Val Loss: 5.8255
[2026-05-08 10:51:35] [INFO] Fine-tune Epoch 335 | Train Loss: 5.4496 | Val Loss: 5.8189
[2026-05-08 10:51:45] [INFO] Fine-tune Epoch 340 | Train Loss: 5.4720 | Val Loss: 5.8243
[2026-05-08 10:51:55] [INFO] Fine-tune Epoch 345 | Train Loss: 5.4859 | Val Loss: 5.8211
[2026-05-08 10:52:06] [INFO] Fine-tune Epoch 350 | Train Loss: 5.4786 | Val Loss: 5.8336
[2026-05-08 10:52:16] [INFO] Fine-tune Epoch 355 | Train Loss: 5.4732 | Val Loss: 5.8206
[2026-05-08 10:52:26] [INFO] Fine-tune Epoch 360 | Train Loss: 5.4709 | Val Loss: 5.8243
[2026-05-08 10:52:36] [INFO] Fine-tune Epoch 365 | Train Loss: 5.4798 | Val Loss: 5.8127
[2026-05-08 10:52:47] [INFO] Fine-tune Epoch 370 | Train Loss: 5.4488 | Val Loss: 5.8215
[2026-05-08 10:52:57] [INFO] Fine-tune Epoch 375 | Train Loss: 5.4571 | Val Loss: 5.8222
[2026-05-08 10:53:07] [INFO] Fine-tune Epoch 380 | Train Loss: 5.4733 | Val Loss: 5.8265
[2026-05-08 10:53:18] [INFO] Fine-tune Epoch 385 | Train Loss: 5.4693 | Val Loss: 5.8219
[2026-05-08 10:53:28] [INFO] Fine-tune Epoch 390 | Train Loss: 5.4857 | Val Loss: 5.8173
[2026-05-08 10:53:38] [INFO] Fine-tune Epoch 395 | Train Loss: 5.4794 | Val Loss: 5.8159
[2026-05-08 10:53:49] [INFO] Fine-tune Epoch 400 | Train Loss: 5.4687 | Val Loss: 5.8204
[2026-05-08 10:53:59] [INFO] Fine-tune Epoch 405 | Train Loss: 5.4636 | Val Loss: 5.8266
[2026-05-08 10:54:09] [INFO] Fine-tune Epoch 410 | Train Loss: 5.4590 | Val Loss: 5.8181
[2026-05-08 10:54:20] [INFO] Fine-tune Epoch 415 | Train Loss: 5.4708 | Val Loss: 5.8156
[2026-05-08 10:54:30] [INFO] Fine-tune Epoch 420 | Train Loss: 5.4782 | Val Loss: 5.8200
[2026-05-08 10:54:40] [INFO] Fine-tune Epoch 425 | Train Loss: 5.4657 | Val Loss: 5.8230
[2026-05-08 10:54:50] [INFO] Fine-tune Epoch 430 | Train Loss: 5.4710 | Val Loss: 5.8251
[2026-05-08 10:55:00] [INFO] Fine-tune Epoch 435 | Train Loss: 5.4624 | Val Loss: 5.8273
[2026-05-08 10:55:10] [INFO] Fine-tune Epoch 440 | Train Loss: 5.4668 | Val Loss: 5.8212
[2026-05-08 10:55:21] [INFO] Fine-tune Epoch 445 | Train Loss: 5.4641 | Val Loss: 5.8225
[2026-05-08 10:55:31] [INFO] Fine-tune Epoch 450 | Train Loss: 5.4707 | Val Loss: 5.8184
[2026-05-08 10:55:41] [INFO] Fine-tune Epoch 455 | Train Loss: 5.4665 | Val Loss: 5.8233
[2026-05-08 10:55:52] [INFO] Fine-tune Epoch 460 | Train Loss: 5.4408 | Val Loss: 5.8209
[2026-05-08 10:56:02] [INFO] Fine-tune Epoch 465 | Train Loss: 5.4442 | Val Loss: 5.8198
[2026-05-08 10:56:13] [INFO] Fine-tune Epoch 470 | Train Loss: 5.4353 | Val Loss: 5.8257
[2026-05-08 10:56:23] [INFO] Fine-tune Epoch 475 | Train Loss: 5.4651 | Val Loss: 5.8275
[2026-05-08 10:56:33] [INFO] Fine-tune Epoch 480 | Train Loss: 5.4697 | Val Loss: 5.8214
[2026-05-08 10:56:43] [INFO] Fine-tune Epoch 485 | Train Loss: 5.4361 | Val Loss: 5.8153
[2026-05-08 10:56:54] [INFO] Fine-tune Epoch 490 | Train Loss: 5.4780 | Val Loss: 5.8244
[2026-05-08 10:57:04] [INFO] Fine-tune Epoch 495 | Train Loss: 5.4534 | Val Loss: 5.8196
[2026-05-08 10:57:13] [INFO] ✅ 训练完成，最佳模型已保存。
